#
# There is insufficient memory for the Java Runtime Environment to continue.
# Native memory allocation (malloc) failed to allocate 1048576 bytes for AllocateHeap
# Possible reasons:
#   The system is out of physical RAM or swap space
#   The process is running with CompressedOops enabled, and the Java Heap may be blocking the growth of the native heap
# Possible solutions:
#   Reduce memory load on the system
#   Increase physical memory or swap space
#   Check if swap backing store is full
#   Decrease Java heap size (-Xmx/-Xms)
#   Decrease number of Java threads
#   Decrease Java thread stack sizes (-Xss)
#   Set larger code cache with -XX:ReservedCodeCacheSize=
#   JVM is running with Unscaled Compressed Oops mode in which the Java heap is
#     placed in the first 4GB address space. The Java Heap base address is the
#     maximum limit for the native heap growth. Please use -XX:HeapBaseMinAddress
#     to set the Java Heap base and to place the Java Heap above 4GB virtual address.
# This output file may be truncated or incomplete.
#
#  Out of Memory Error (allocation.cpp:44), pid=24616, tid=10372
#
# JRE version:  (20.0+36) (build )
# Java VM: Java HotSpot(TM) 64-Bit Server VM (20+36-2344, mixed mode, sharing, tiered, compressed oops, compressed class ptrs, g1 gc, windows-amd64)
# No core dump will be written. Minidumps are not enabled by default on client versions of Windows
#

---------------  S U M M A R Y ------------

Command Line: 

Host: AMD Ryzen 5 5500U with Radeon Graphics         , 12 cores, 5G,  Windows 11 , 64 bit Build 26100 (10.0.26100.8328)
Time: Sun May 17 22:31:09 2026 India Standard Time elapsed time: 2.055251 seconds (0d 0h 0m 2s)

---------------  T H R E A D  ---------------

Current thread (0x000001ad3326dff0):  JavaThread "Unknown thread" [_thread_in_vm, id=10372, stack(0x00000018c9b00000,0x00000018c9c00000)]

Stack: [0x00000018c9b00000,0x00000018c9c00000]
Native frames: (J=compiled Java code, j=interpreted, Vv=VM code, C=native code)
V  [jvm.dll+0x6bb95a]
V  [jvm.dll+0x8483aa]
V  [jvm.dll+0x849fa5]
V  [jvm.dll+0x84a6a3]
V  [jvm.dll+0x280b0f]
V  [jvm.dll+0xbcec5]
V  [jvm.dll+0x333b65]
V  [jvm.dll+0x32c301]
V  [jvm.dll+0x81106f]
V  [jvm.dll+0x3c0d91]
V  [jvm.dll+0x7fcd93]
V  [jvm.dll+0x44c76f]
V  [jvm.dll+0x44e0e1]
C  [jli.dll+0x5287]
C  [ucrtbase.dll+0x37b0]
C  [KERNEL32.DLL+0x2e957]
C  [ntdll.dll+0x427c]


---------------  P R O C E S S  ---------------

Threads class SMR info:
_java_thread_list=0x00007ffb9649a098, length=0, elements={
}

Java Threads: ( => current thread )

Other Threads:
  0x000001ad3562c3d0 WorkerThread "GC Thread#0" [stack: 0x00000018c9c00000,0x00000018c9d00000] [id=5844]

[error occurred during error reporting (printing all threads), id 0xc0000005, EXCEPTION_ACCESS_VIOLATION (0xc0000005) at pc=0x00007ffb95c78a00]
VM state: not at safepoint (not fully initialized)

VM Mutex/Monitor currently owned by a thread:  ([mutex/lock_event])
[0x000001ad3326c540] Heap_lock - owner thread: 0x000001ad3326dff0

Heap address: 0x00000000a2200000, size: 1502 MB, Compressed Oops mode: 32-bit

CDS archive(s) mapped at: [0x0000000000000000-0x0000000000000000-0x0000000000000000), size 0, SharedBaseAddress: 0x0000000800000000, ArchiveRelocationMode: 0.
Narrow klass base: 0x0000000000000000, Narrow klass shift: 0, Narrow klass range: 0x0

GC Precious Log:
 CardTable entry size: 512
 Card Set container configuration: InlinePtr #cards 5 size 8 Array Of Cards #cards 12 size 40 Howl #buckets 4 coarsen threshold 1843 Howl Bitmap #cards 512 size 80 coarsen threshold 460 Card regions per heap region 1 cards per card region 2048

Heap:
 garbage-first heap   total 0K, used 0K [0x00000000a2200000, 0x0000000100000000)
  region size 1024K, 0 young (0K), 0 survivors (0K)

[error occurred during error reporting (printing heap information), id 0xc0000005, EXCEPTION_ACCESS_VIOLATION (0xc0000005) at pc=0x00007ffb96053c59]
GC Heap History (0 events):
No events

Dll operation events (1 events):
Event: 0.024 Loaded shared library C:\Program Files\Java\jdk-20\bin\java.dll

Deoptimization events (0 events):
No events

Classes loaded (0 events):
No events

Classes unloaded (0 events):
No events

Classes redefined (0 events):
No events

Internal exceptions (0 events):
No events

VM Operations (0 events):
No events

Events (0 events):
No events


Dynamic libraries:
0x00007ff6d44f0000 - 0x00007ff6d4500000 	C:\Program Files\Java\jdk-20\bin\java.exe
0x00007ffc4f5e0000 - 0x00007ffc4f847000 	C:\WINDOWS\SYSTEM32\ntdll.dll
0x00007ffc4ddd0000 - 0x00007ffc4de99000 	C:\WINDOWS\System32\KERNEL32.DLL
0x00007ffc4c880000 - 0x00007ffc4cc77000 	C:\WINDOWS\System32\KERNELBASE.dll
0x00007ffc4ccb0000 - 0x00007ffc4cdfb000 	C:\WINDOWS\System32\ucrtbase.dll
0x00007ffc31f90000 - 0x00007ffc31fa9000 	C:\Program Files\Java\jdk-20\bin\jli.dll
0x00007ffc31fb0000 - 0x00007ffc31fcb000 	C:\Program Files\Java\jdk-20\bin\VCRUNTIME140.dll
0x00007ffc4f310000 - 0x00007ffc4f3c6000 	C:\WINDOWS\System32\ADVAPI32.dll
0x00007ffc4eeb0000 - 0x00007ffc4ef59000 	C:\WINDOWS\System32\msvcrt.dll
0x00007ffc4efa0000 - 0x00007ffc4f047000 	C:\WINDOWS\System32\sechost.dll
0x00007ffc4eb30000 - 0x00007ffc4ec48000 	C:\WINDOWS\System32\RPCRT4.dll
0x00007ffc4d460000 - 0x00007ffc4d626000 	C:\WINDOWS\System32\USER32.dll
0x00007ffc2f1c0000 - 0x00007ffc2f452000 	C:\WINDOWS\WinSxS\amd64_microsoft.windows.common-controls_6595b64144ccf1df_6.0.26100.8457_none_3e0b2faee331e92d\COMCTL32.dll
0x00007ffc4cc80000 - 0x00007ffc4cca7000 	C:\WINDOWS\System32\win32u.dll
0x00007ffc4d7f0000 - 0x00007ffc4d81b000 	C:\WINDOWS\System32\GDI32.dll
0x00007ffc4d1a0000 - 0x00007ffc4d2cc000 	C:\WINDOWS\System32\gdi32full.dll
0x00007ffc4d0f0000 - 0x00007ffc4d193000 	C:\WINDOWS\System32\msvcp_win.dll
0x00007ffc44d20000 - 0x00007ffc44d2b000 	C:\WINDOWS\SYSTEM32\VERSION.dll
0x00007ffc4f550000 - 0x00007ffc4f582000 	C:\WINDOWS\System32\IMM32.DLL
0x00007ffc3c1f0000 - 0x00007ffc3c1fc000 	C:\Program Files\Java\jdk-20\bin\vcruntime140_1.dll
0x00007ffc21af0000 - 0x00007ffc21b7e000 	C:\Program Files\Java\jdk-20\bin\msvcp140.dll
0x00007ffb95940000 - 0x00007ffb965d7000 	C:\Program Files\Java\jdk-20\bin\server\jvm.dll
0x00007ffc441e0000 - 0x00007ffc44216000 	C:\WINDOWS\SYSTEM32\WINMM.dll
0x00007ffc368b0000 - 0x00007ffc368ba000 	C:\WINDOWS\SYSTEM32\WSOCK32.dll
0x00007ffc4dc80000 - 0x00007ffc4dd00000 	C:\WINDOWS\System32\WS2_32.dll
0x00007ffc4ad80000 - 0x00007ffc4ad9b000 	C:\WINDOWS\SYSTEM32\kernel.appcore.dll
0x00007ffc31e00000 - 0x00007ffc31e0a000 	C:\Program Files\Java\jdk-20\bin\jimage.dll
0x00007ffc4a1c0000 - 0x00007ffc4a402000 	C:\WINDOWS\SYSTEM32\DBGHELP.DLL
0x00007ffc4d8f0000 - 0x00007ffc4dc73000 	C:\WINDOWS\System32\combase.dll
0x00007ffc4f050000 - 0x00007ffc4f129000 	C:\WINDOWS\System32\OLEAUT32.dll
0x00007ffc2f460000 - 0x00007ffc2f49b000 	C:\WINDOWS\SYSTEM32\dbgcore.DLL
0x00007ffc4d040000 - 0x00007ffc4d0e8000 	C:\WINDOWS\System32\bcryptPrimitives.dll
0x00007ffc2c450000 - 0x00007ffc2c476000 	C:\Program Files\Java\jdk-20\bin\java.dll

dbghelp: loaded successfully - version: 4.0.5 - missing functions: none
symbol engine: initialized successfully - sym options: 0x614 - pdb path: .;C:\Program Files\Java\jdk-20\bin;C:\WINDOWS\SYSTEM32;C:\WINDOWS\WinSxS\amd64_microsoft.windows.common-controls_6595b64144ccf1df_6.0.26100.8457_none_3e0b2faee331e92d;C:\Program Files\Java\jdk-20\bin\server

VM Arguments:
java_command: <unknown>
java_class_path (initial): <not set>
Launcher Type: SUN_STANDARD

[Global flags]
     intx CICompilerCount                          = 4                                         {product} {ergonomic}
     uint ConcGCThreads                            = 3                                         {product} {ergonomic}
     uint G1ConcRefinementThreads                  = 10                                        {product} {ergonomic}
   size_t G1HeapRegionSize                         = 1048576                                   {product} {ergonomic}
    uintx GCDrainStackTargetSize                   = 64                                        {product} {ergonomic}
   size_t InitialHeapSize                          = 98566144                                  {product} {ergonomic}
   size_t MarkStackSize                            = 4194304                                   {product} {ergonomic}
   size_t MaxHeapSize                              = 1574961152                                {product} {ergonomic}
   size_t MinHeapDeltaBytes                        = 1048576                                   {product} {ergonomic}
   size_t MinHeapSize                              = 8388608                                   {product} {ergonomic}
    uintx NonNMethodCodeHeapSize                   = 5839372                                {pd product} {ergonomic}
    uintx NonProfiledCodeHeapSize                  = 122909434                              {pd product} {ergonomic}
    uintx ProfiledCodeHeapSize                     = 122909434                              {pd product} {ergonomic}
    uintx ReservedCodeCacheSize                    = 251658240                              {pd product} {ergonomic}
     bool SegmentedCodeCache                       = true                                      {product} {ergonomic}
   size_t SoftMaxHeapSize                          = 1574961152                             {manageable} {ergonomic}
     bool UseCompressedClassPointers               = true                           {product lp64_product} {ergonomic}
     bool UseCompressedOops                        = true                           {product lp64_product} {ergonomic}
     bool UseG1GC                                  = true                                      {product} {ergonomic}
     bool UseLargePagesIndividualAllocation        = false                                  {pd product} {ergonomic}

Logging:
Log output configuration:
 #0: stdout all=warning uptime,level,tags foldmultilines=false
 #1: stderr all=off uptime,level,tags foldmultilines=false

Environment Variables:
PATH=C:\oraclexe\app\oracle\product\10.2.0\server\bin;C:\WINDOWS\system32;C:\WINDOWS;C:\WINDOWS\System32\Wbem;C:\WINDOWS\System32\WindowsPowerShell\v1.0\;C:\WINDOWS\System32\OpenSSH\;c:\Program Files (x86)\Microsoft SQL Server\100\Tools\Binn\;c:\Program Files\Microsoft SQL Server\100\Tools\Binn\;c:\Program Files\Microsoft SQL Server\100\DTS\Binn\;C:\Program Files\Git\cmd;C:\Users\Manaswi R.dusane\AppData\Roaming\npm;C:\Users\Manswi R. dusane\AppData\Local\Programs\Python\Python311\;C:\Users\Manswi R. dusane\AppData\Local\Programs\Python\Python311\Scripts\;C:\Program Files\Microsoft VS Code\bin;C:\npm-global;C:\Program Files\nodejs\;C:\Program Files\Docker\Docker\resources\bin;C:\Program Files\nodejs\;C:\npm-global;C:\Users\Manswi R. dusane\AppData\Roaming\npm
USERNAME=Manswi R. dusane
OS=Windows_NT
PROCESSOR_IDENTIFIER=AMD64 Family 23 Model 104 Stepping 1, AuthenticAMD
TMP=C:\Users\MANSWI~1.DUS\AppData\Local\Temp
TEMP=C:\Users\MANSWI~1.DUS\AppData\Local\Temp




---------------  S Y S T E M  ---------------

OS:
 Windows 11 , 64 bit Build 26100 (10.0.26100.8328)
OS uptime: 0 days 14:17 hours
Hyper-V role detected

CPU: total 12 (initial active 12) (12 cores per cpu, 2 threads per core) family 23 model 104 stepping 1 microcode 0x8608103, cx8, cmov, fxsr, ht, mmx, 3dnowpref, sse, sse2, sse3, ssse3, sse4a, sse4.1, sse4.2, popcnt, lzcnt, tsc, tscinvbit, avx, avx2, aes, clmul, bmi1, bmi2, adx, sha, fma, vzeroupper, clflush, clflushopt, hv, rdtscp, rdpid, f16c

Memory: 4k page, system-wide physical 6005M (1763M free)
TotalPageFile size 24437M (AvailPageFile size 3M)
current process WorkingSet (physical memory assigned to process): 12M, peak: 12M
current process commit charge ("private bytes"): 62M, peak: 63M

vm_info: Java HotSpot(TM) 64-Bit Server VM (20+36-2344) for windows-amd64 JRE (20+36-2344), built on 2023-02-10T19:30:15Z by "mach5one" with MS VC++ 17.1 (VS2022)

END.
